../Core/Src/main.c:142:6:HAL_TIM_PeriodElapsedCallback	32	static
../Core/Src/main.c:198:6:HAL_GPIO_EXTI_Callback	24	static
../Core/Src/main.c:237:6:HAL_FDCAN_RxFifo0Callback	16	static
../Core/Src/main.c:260:5:main	16	static
../Core/Src/main.c:430:6:SystemClock_Config	88	static
../Core/Src/main.c:476:13:MX_DAC1_Init	56	static
../Core/Src/main.c:530:13:MX_FDCAN1_Init	8	static
../Core/Src/main.c:573:13:MX_I2C2_Init	8	static
../Core/Src/main.c:621:13:MX_TIM6_Init	24	static
../Core/Src/main.c:659:13:MX_TIM7_Init	24	static
../Core/Src/main.c:697:13:MX_TIM15_Init	40	static
../Core/Src/main.c:743:13:MX_TIM16_Init	8	static
../Core/Src/main.c:775:13:MX_TIM17_Init	8	static
../Core/Src/main.c:807:13:MX_USART1_UART_Init	8	static
../Core/Src/main.c:859:13:MX_USART2_UART_Init	8	static
../Core/Src/main.c:905:13:MX_DMA_Init	16	static
../Core/Src/main.c:927:13:MX_GPIO_Init	48	static
../Core/Src/main.c:1020:6:Error_Handler	4	static,ignoring_inline_asm
