../Core/Src/stm32g4xx_it.c:88:6:NMI_Handler	4	static
../Core/Src/stm32g4xx_it.c:103:6:HardFault_Handler	4	static
../Core/Src/stm32g4xx_it.c:118:6:MemManage_Handler	4	static
../Core/Src/stm32g4xx_it.c:133:6:BusFault_Handler	4	static
../Core/Src/stm32g4xx_it.c:148:6:UsageFault_Handler	4	static
../Core/Src/stm32g4xx_it.c:163:6:SVC_Handler	4	static
../Core/Src/stm32g4xx_it.c:176:6:DebugMon_Handler	4	static
../Core/Src/stm32g4xx_it.c:189:6:PendSV_Handler	4	static
../Core/Src/stm32g4xx_it.c:202:6:SysTick_Handler	8	static
../Core/Src/stm32g4xx_it.c:226:6:EXTI0_IRQHandler	8	static
../Core/Src/stm32g4xx_it.c:240:6:EXTI1_IRQHandler	8	static
../Core/Src/stm32g4xx_it.c:254:6:EXTI2_IRQHandler	8	static
../Core/Src/stm32g4xx_it.c:268:6:EXTI3_IRQHandler	8	static
../Core/Src/stm32g4xx_it.c:282:6:DMA1_Channel1_IRQHandler	8	static
../Core/Src/stm32g4xx_it.c:296:6:DMA1_Channel2_IRQHandler	8	static
../Core/Src/stm32g4xx_it.c:310:6:FDCAN1_IT0_IRQHandler	8	static
../Core/Src/stm32g4xx_it.c:324:6:EXTI9_5_IRQHandler	8	static
../Core/Src/stm32g4xx_it.c:338:6:TIM1_BRK_TIM15_IRQHandler	8	static
../Core/Src/stm32g4xx_it.c:352:6:TIM1_UP_TIM16_IRQHandler	8	static
../Core/Src/stm32g4xx_it.c:365:6:TIM1_TRG_COM_TIM17_IRQHandler	8	static
../Core/Src/stm32g4xx_it.c:379:6:USART1_IRQHandler	8	static
../Core/Src/stm32g4xx_it.c:396:6:USART2_IRQHandler	8	static
../Core/Src/stm32g4xx_it.c:410:6:EXTI15_10_IRQHandler	8	static
../Core/Src/stm32g4xx_it.c:425:6:TIM6_DAC_IRQHandler	8	static
../Core/Src/stm32g4xx_it.c:440:6:TIM7_IRQHandler	8	static
../Core/Src/stm32g4xx_it.c:452:6:HAL_UART_TxCpltCallback	16	static
../Core/Src/stm32g4xx_it.c:464:6:UART_IDLECallback	16	static
