../Drivers/Bluetooth/BT_Fns.c:23:6:charToHexDigit	24	static
../Drivers/Bluetooth/BT_Fns.c:36:6:StringToHex	24	static
../Drivers/Bluetooth/BT_Fns.c:41:10:stringToINT	24	static
../Drivers/Bluetooth/BT_Fns.c:46:9:DecodeStringAsUint8	24	static
../Drivers/Bluetooth/BT_Fns.c:50:10:DecodeStringAsInteger	24	static
../Drivers/Bluetooth/BT_Fns.c:56:15:stringToFLOAT	24	static
../Drivers/Bluetooth/BT_Fns.c:62:6:ParseBTMsg	8	static
../Drivers/Bluetooth/BT_Fns.c:94:6:generateTLV_C	24	static
../Drivers/Bluetooth/BT_Fns.c:99:6:generateTLV_I	24	static
../Drivers/Bluetooth/BT_Fns.c:103:6:generateTLV_F	32	static
../Drivers/Bluetooth/BT_Fns.c:107:6:add_TLVBuf_To_TxBuf	24	static
../Drivers/Bluetooth/BT_Fns.c:113:9:Init_TXBuf_Frame	32	static
../Drivers/Bluetooth/BT_Fns.c:118:9:addEOF	16	static
../Drivers/Bluetooth/BT_Fns.c:124:6:correctLengthInFrame	24	static
../Drivers/Bluetooth/BT_Fns.c:133:9:parseTLV	48	static
../Drivers/Bluetooth/BT_Fns.c:163:9:ParseDiagnostics	32	static
../Drivers/Bluetooth/BT_Fns.c:231:6:InitializeBTMsg_TypeDef	16	static
../Drivers/Bluetooth/BT_Fns.c:242:9:BT_MC_generateDiagnosticMsg	40	static
../Drivers/Bluetooth/BT_Fns.c:287:9:BT_MC_generateStatusMsg	32	static
../Drivers/Bluetooth/BT_Fns.c:379:9:checkConnectionStatus	8	static
